python : Creating test 
database for alias 
'default'...
At line:1 char:1
+ python manage.py test 
apps.sales > test_output.txt 
2>&1
+ ~~~~~~~~~~~~~~~~~~~~~~~~~~~
~~~~~~~~~~~~~~~~~~~~~~~~~~~~
    + CategoryInfo           
   : NotSpecified: (Creatin  
  g test d...as 'default'.   
 ..:String) [], RemoteExc    
eption
    + FullyQualifiedErrorId  
   : NativeCommandError
 

..
-----------------------------
-----------------------------
------------
Ran 2 tests in 0.046s

OK
Destroying test database for 
alias 'default'...

Found 2 test(s).
System check identified no issues (0 silenced).
